// Jest Snapshot v1, https://goo.gl/fbAQLP

exports[`Prueba al navbar <SearchBox/> Debe hacer match con el snapshot 1`] = `
<div>
  <nav>
    <div
      class="nav-container"
    >
      <div
        class="logo"
      />
      <div
        class="search-box"
      >
        <input
          name="searchText"
          placeholder="Nunca dejes de buscar"
          type="text"
          value=""
        />
        <button
          aria-label="btn-search"
          type="button"
        >
          <i
            class="fa fa-search"
          />
        </button>
      </div>
    </div>
  </nav>
</div>
`;
